Microchip Technology Inc, v1.36 (B)

Tool Name:
  /opt/microchip/xc16/v1.36/bin/bin/../bin/elf-ld

Command:
  -T/tmp/tmp0000678d.00 \
  -T/tmp/tmp0000678d.01 \
  -T/tmp/tmp0000678d.02 \
  -T/tmp/tmp0000678d.03 \
  -T/tmp/tmp0000678d.04 \
  -T/tmp/tmp0000678d.05 \
  -T/tmp/tmp0000678d.06 \
  -p33EP512MC806 \
  -o \
  dist/default/debug/planalta.X.debug.elf \
  -L/opt/microchip/xc16/v1.36/bin/bin/.. \
  -L/opt/microchip/xc16/v1.36/bin/bin/../../lib \
  -L/opt/microchip/xc16/v1.36/bin/bin/../../support/PIC24E/gld \
  -L/opt/microchip/xc16/v1.36/bin/bin/../../support/PIC24F/gld \
  -L/opt/microchip/xc16/v1.36/bin/bin/../../support/PIC24H/gld \
  -L/opt/microchip/xc16/v1.36/bin/bin/../../support/dsPIC30F/gld \
  -L/opt/microchip/xc16/v1.36/bin/bin/../../support/dsPIC33C/gld \
  -L/opt/microchip/xc16/v1.36/bin/bin/../../support/dsPIC33E/gld \
  -L/opt/microchip/xc16/v1.36/bin/bin/../../support/dsPIC33F/gld \
  build/default/debug/dac.o \
  build/default/debug/planalta.o \
  build/default/debug/planalta_filtering.o \
  build/default/debug/filters_planalta.o \
  build/default/debug/fir_coeffs.o \
  build/default/debug/main.o \
  build/default/debug/_ext/1360930230/adc.o \
  build/default/debug/_ext/1360930230/i2c.o \
  build/default/debug/_ext/1360930230/spi.o \
  build/default/debug/_ext/1360930230/traps.o \
  build/default/debug/_ext/1360930230/uart.o \
  build/default/debug/_ext/1360930230/utilities.o \
  build/default/debug/_ext/1360930230/fir_compressed.o \
  build/default/debug/_ext/1360930230/lia_mixing.o \
  build/default/debug/_ext/1360930230/pga.o \
  build/default/debug/planalta_filtering_5khz.o \
  build/default/debug/planalta_calibration.o \
  build/default/debug/planalta_freq_sweep.o \
  --local-stack \
  --defsym=__MPLAB_BUILD=1 \
  --defsym=__MPLAB_DEBUG=1 \
  --defsym=__DEBUG=1 \
  -Tp33EP512MC806.gld.07 \
  --stack=16 \
  --check-sections \
  --data-init \
  --pack-data \
  --handles \
  --isr \
  --no-gc-sections \
  --fill-upper=0 \
  --stackguard=16 \
  --no-force-link \
  --smart-io \
  -Map=dist/default/debug/planalta.X.debug.map \
  --report-mem \
  --memorysummary \
  dist/default/debug/memoryfile.xml \
  --library \
  dsp \
  -start-group \
  --library=lega-pic30-elf \
  --library=m-elf \
  --library=lega-c-elf \
  -end-group \


Optional library libp33EP512MC806.a not found
Archive member included because of file (symbol)

/opt/microchip/xc16/v1.36/bin/bin/../../lib/libdsp-elf.a(frct2flt.depeo)
                              build/default/debug/_ext/1360930230/adc.o (_Fract2Float)
/opt/microchip/xc16/v1.36/bin/bin/../../lib/libdsp-elf.a(firinit.depeo)
                              build/default/debug/filters_planalta.o (_FIRStructInit)
/opt/microchip/xc16/v1.36/bin/bin/../../lib/libdsp-elf.a(firdelay.depeo)
                              build/default/debug/filters_planalta.o (_FIRDelayInit)
/opt/microchip/xc16/v1.36/bin/bin/../../lib/liblega-pic30-elf.a(crt0_extendedep.o)
                              (__resetPRI)
/opt/microchip/xc16/v1.36/bin/bin/../../lib/liblega-pic30-elf.a(data_init_extended.o)
                              /opt/microchip/xc16/v1.36/bin/bin/../../lib/liblega-pic30-elf.a(crt0_extendedep.o) (__data_init_extended)
/opt/microchip/xc16/v1.36/bin/bin/../../lib/liblega-pic30-elf.a(crt_start_mode_normalep.Leo)
                              (__crt_start_mode_normal)
/opt/microchip/xc16/v1.36/bin/bin/../../lib/libm-elf.a(addsf3.epeo)
                              build/default/debug/dac.o (___subsf3)
/opt/microchip/xc16/v1.36/bin/bin/../../lib/libm-elf.a(divsf3.epeo)
                              build/default/debug/dac.o (___divsf3)
/opt/microchip/xc16/v1.36/bin/bin/../../lib/libm-elf.a(feqltle.epeo)
                              build/default/debug/dac.o (___ltsf2)
/opt/microchip/xc16/v1.36/bin/bin/../../lib/libm-elf.a(fgtge.epeo)
                              build/default/debug/dac.o (___gesf2)
/opt/microchip/xc16/v1.36/bin/bin/../../lib/libm-elf.a(floatsisf.epeo)
                              /opt/microchip/xc16/v1.36/bin/bin/../../lib/libdsp-elf.a(frct2flt.depeo) (___floatsisf)
/opt/microchip/xc16/v1.36/bin/bin/../../lib/libm-elf.a(floatunsisf.epeo)
                              build/default/debug/dac.o (___floatunsisf)
/opt/microchip/xc16/v1.36/bin/bin/../../lib/libm-elf.a(fpack.epeo)
                              /opt/microchip/xc16/v1.36/bin/bin/../../lib/libm-elf.a(addsf3.epeo) (__fpack)
/opt/microchip/xc16/v1.36/bin/bin/../../lib/libm-elf.a(funpack2.epeo)
                              /opt/microchip/xc16/v1.36/bin/bin/../../lib/libm-elf.a(addsf3.epeo) (__funpack2)
/opt/microchip/xc16/v1.36/bin/bin/../../lib/libm-elf.a(futil.epeo)
                              /opt/microchip/xc16/v1.36/bin/bin/../../lib/libm-elf.a(addsf3.epeo) (__fPropagateNaN)
/opt/microchip/xc16/v1.36/bin/bin/../../lib/libm-elf.a(mulsf3.epeo)
                              build/default/debug/dac.o (___mulsf3)
/opt/microchip/xc16/v1.36/bin/bin/../../lib/libm-elf.a(sinf.epeo)
[...]
Memory Configuration

Name             Origin             Length             Attributes
data             0x001000           0x00d000           a !xr
reset            0x000000           0x000004  
ivt              0x000004           0x0001fc  
program          0x000200           0x055600           xr
auxflash         0x7fc000           0x003ffa           xr
FGS              0xf80004           0x000002  
FOSCSEL          0xf80006           0x000002  
FOSC             0xf80008           0x000002  
FWDT             0xf8000a           0x000002  
FPOR             0xf8000c           0x000002  
FICD             0xf8000e           0x000002  
FAS              0xf80010           0x000002  
FUID0            0xf80012           0x000002  
*default*        0x000000           0xffffffff  

Linker script and memory map


reserve_data_0x1000
                    0x1000         0x1c
                    0x101c                  . = 0x1c
 *fill*             0x1000         0x1c00

reserve_data_0x101c
                    0x101c          0x2
                    0x101e                  . = 0x2
 *fill*             0x101c          0x200

reserve_data_0x101e
                    0x101e          0x2
                    0x1020                  . = 0x2
 *fill*             0x101e          0x200

reserve_data_0x1020
                    0x1020          0x2
                    0x1022                  . = 0x2
 *fill*             0x1020          0x200

reserve_data_0x1022
                    0x1022          0x2
                    0x1024                  . = 0x2
 *fill*             0x1022          0x200

reserve_data_0x1024
                    0x1024          0x4
                    0x1028                  . = 0x4
 *fill*             0x1024          0x400

reserve_data_0x1028
                    0x1028         0x28
                    0x1050                  . = 0x28
 *fill*             0x1028         0x2800
LOAD build/default/debug/dac.o
LOAD build/default/debug/planalta.o
LOAD build/default/debug/planalta_filtering.o
LOAD build/default/debug/filters_planalta.o
LOAD build/default/debug/fir_coeffs.o
LOAD build/default/debug/main.o
LOAD build/default/debug/_ext/1360930230/adc.o
LOAD build/default/debug/_ext/1360930230/i2c.o
LOAD build/default/debug/_ext/1360930230/spi.o
LOAD build/default/debug/_ext/1360930230/traps.o
LOAD build/default/debug/_ext/1360930230/uart.o
LOAD build/default/debug/_ext/1360930230/utilities.o
LOAD build/default/debug/_ext/1360930230/fir_compressed.o
LOAD build/default/debug/_ext/1360930230/lia_mixing.o
LOAD build/default/debug/_ext/1360930230/pga.o
LOAD build/default/debug/planalta_filtering_5khz.o
LOAD build/default/debug/planalta_calibration.o
LOAD build/default/debug/planalta_freq_sweep.o
                    0x0001                  __MPLAB_BUILD = 0x1
                    0x0001                  __MPLAB_DEBUG = 0x1
                    0x0001                  __DEBUG = 0x1
LOAD p33EP512MC806
LOAD /opt/microchip/xc16/v1.36/bin/bin/../../lib/libfx-elf.a
                    0xf80004                  __FGS = 0xf80004
                    0xf80006                  __FOSCSEL = 0xf80006
                    0xf80008                  __FOSC = 0xf80008
                    0xf8000a                  __FWDT = 0xf8000a
                    0xf8000c                  __FPOR = 0xf8000c
                    0xf8000e                  __FICD = 0xf8000e
                    0xf80010                  __FAS = 0xf80010
                    0xf80012                  __FUID0 = 0xf80012
                    0x0200                  __CODE_BASE = 0x200
                    0x55600                  __CODE_LENGTH = 0x55600
                    0x0004                  __IVT_BASE = 0x4
                    0x1000                  __DATA_BASE = 0x1000
                    0xd000                  __DATA_LENGTH = 0xd000
                    0x9000                  __YDATA_BASE = 0x9000
                    0xd000                  __DMA_BASE = 0xd000
                    0xdfff                  __DMA_END = 0xdfff

.reset            0x000000          0x4
                  0x000000          0x2 SHORT 0x200 ABSOLUTE (__reset)
                  0x000001          0x2 SHORT 0x4
                  0x000002          0x2 SHORT 0x0 ((ABSOLUTE (__reset) >> 0x10) & 0x7f)
                  0x000003          0x2 SHORT 0x0

.text             0x000200       0x21e8
 *(.init)
 .init            0x000200         0x48 /opt/microchip/xc16/v1.36/bin/bin/../../lib/liblega-pic30-elf.a(crt0_extendedep.o)
                  0x000200                  __reset
                  0x000200                  __resetPRI
                  0x00023c                  __psv_init
 .init            0x000248         0xb2 /opt/microchip/xc16/v1.36/bin/bin/../../lib/liblega-pic30-elf.a(data_init_extended.o)
                  0x000248                  __data_init_extended
                  0x000248                  __data_init
 *(.user_init)
 *(.handle)
 .handle          0x0002fa         0x3c jump_table
 *(.isr*)
 .isr.text        0x000336         0x18 build/default/debug/dac.o
                  0x000336                  __DMA0Interrupt
                  0x00033e                  __OC2Interrupt
                  0x000346                  __T4Interrupt
 .isr.text        0x00034e         0x40 build/default/debug/_ext/1360930230/adc.o
                  0x00034e                  __OC15Interrupt
                  0x000356                  __OC4Interrupt
                  0x00035e                  __IC1Interrupt
                  0x000366                  __DMA5Interrupt
                  0x000386                  __DMA4Interrupt
 .isr.text        0x00038e        0x36c build/default/debug/_ext/1360930230/i2c.o
                  0x00038e                  __MI2C1Interrupt
                  0x00039e                  __MI2C2Interrupt
                  0x0003ae                  __T2Interrupt
                  0x000416                  __SI2C1Interrupt
                  0x000434                  __T3Interrupt
 .isr.text        0x0006fa         0x18 build/default/debug/_ext/1360930230/spi.o
                  0x0006fa                  __SPI1Interrupt
                  0x000702                  __SPI2Interrupt
                  0x00070a                  __SPI3Interrupt
 .isr.text        0x000712         0x5a build/default/debug/_ext/1360930230/traps.o
                  0x000712                  __OscillatorFail
                  0x000724                  __AddressError
                  0x000736                  __StackError
                  0x000748                  __MathError
                  0x00075a                  __DMACError
 .isr.text        0x00076c        0x178 build/default/debug/_ext/1360930230/uart.o
                  0x00076c                  __U2ErrInterrupt
                  0x000774                  __U2RXInterrupt
                  0x00088c                  __U2TXInterrupt
                  0x000894                  __DMA14Interrupt
 .isr.text        0x0008e4         0x3a build/default/debug/_ext/1360930230/utilities.o
                  0x0008e4                  __T1Interrupt
 .isr             0x00091e          0x4 default_isr
                  0x00091e                  __DefaultInterrupt
 *(.libc)
 *(.libm)
 *(.libdsp)
 .libdsp          0x000922         0x14 /opt/microchip/xc16/v1.36/bin/bin/../../lib/libdsp-elf.a(frct2flt.depeo)
                  0x000922                  _Fract2Float
 .libdsp          0x000936         0x1a /opt/microchip/xc16/v1.36/bin/bin/../../lib/libdsp-elf.a(firinit.depeo)
                  0x000936                  _FIRStructInit
 .libdsp          0x000950         0x14 /opt/microchip/xc16/v1.36/bin/bin/../../lib/libdsp-elf.a(firdelay.depeo)
                  0x000950                  _FIRDelayInit
 *(.lib*)
 .libpic30_crt_start_mode
                  0x000964          0x2 /opt/microchip/xc16/v1.36/bin/bin/../../lib/liblega-pic30-elf.a(crt_start_mode_normalep.Leo)
                  0x000964                  __crt_start_mode_normal
                  0x000964                  __crt_start_mode
 .libm.subsf3     0x000966         0xbc /opt/microchip/xc16/v1.36/bin/bin/../../lib/libm-elf.a(addsf3.epeo)
                  0x000966                  ___subsf3
                  0x000968                  ___addsf3
 .libm.divfs3     0x000a22         0x84 /opt/microchip/xc16/v1.36/bin/bin/../../lib/libm-elf.a(divsf3.epeo)
                  0x000a22                  ___divsf3
 .libm.eqsf2      0x000aa6          0x4 /opt/microchip/xc16/v1.36/bin/bin/../../lib/libm-elf.a(feqltle.epeo)
                  0x000aa6                  ___lesf2
                  0x000aa6                  ___eqsf2
                  0x000aa6                  ___ltsf2
 .libm.gtsf2      0x000aaa          0x4 /opt/microchip/xc16/v1.36/bin/bin/../../lib/libm-elf.a(fgtge.epeo)
                  0x000aaa                  ___gtsf2
                  0x000aaa                  ___gesf2
 .libm.floatsisf
                  0x000aae          0x6 /opt/microchip/xc16/v1.36/bin/bin/../../lib/libm-elf.a(floatsisf.epeo)
                  0x000aae                  ___floatsisf
 .libm.floatunsisf
                  0x000ab4          0x4 /opt/microchip/xc16/v1.36/bin/bin/../../lib/libm-elf.a(floatunsisf.epeo)
                  0x000ab4                  ___floatunsisf
 .libm.fpack      0x000ab8         0x4c /opt/microchip/xc16/v1.36/bin/bin/../../lib/libm-elf.a(fpack.epeo)
                  0x000ab8                  __fpack
 .libm.funpack2
                  0x000b04         0x10 /opt/microchip/xc16/v1.36/bin/bin/../../lib/libm-elf.a(funpack2.epeo)
                  0x000b04                  __funpack2
 .libm.fPropagateNaN
                  0x000b14         0x12 /opt/microchip/xc16/v1.36/bin/bin/../../lib/libm-elf.a(futil.epeo)
                  0x000b14                  __fPropagateNaN
 .libm.fbobExit
                  0x000b26          0x8 /opt/microchip/xc16/v1.36/bin/bin/../../lib/libm-elf.a(futil.epeo)
                  0x000b26                  __fbopExit
 .libm.fbopReturnNaN
                  0x000b2e          0x6 /opt/microchip/xc16/v1.36/bin/bin/../../lib/libm-elf.a(futil.epeo)
                  0x000b2e                  __fbopReturnNaN
 .libm.mulsf3     0x000b34         0x68 /opt/microchip/xc16/v1.36/bin/bin/../../lib/libm-elf.a(mulsf3.epeo)
                  0x000b34                  ___mulsf3
 .libm.sinf       0x000b9c          0x4 /opt/microchip/xc16/v1.36/bin/bin/../../lib/libm-elf.a(sinf.epeo)
                  0x000b9c                  _sinf
 .libm.udivsi3    0x000ba0         0x20 /opt/microchip/xc16/v1.36/bin/bin/../../lib/libm-elf.a(udivsi3.epeo)
                  0x000ba0                  ___udivsi3
 .libm.fcompare
                  0x000bc0         0x36 /opt/microchip/xc16/v1.36/bin/bin/../../lib/libm-elf.a(fcompare.epeo)
                  0x000bc0                  __fcompare
 .libm.floatdisf
                  0x000bf6         0x20 /opt/microchip/xc16/v1.36/bin/bin/../../lib/libm-elf.a(floatdisf.epeo)
                  0x000bf6                  ___floatdisf
 .libm.floatundisf
                  0x000c16         0x5e /opt/microchip/xc16/v1.36/bin/bin/../../lib/libm-elf.a(floatundisf.epeo)
                  0x000c16                  ___floatundisf
 .libm.funpack    0x000c74         0x2a /opt/microchip/xc16/v1.36/bin/bin/../../lib/libm-elf.a(funpack.epeo)
                  0x000c74                  __funpack
 .libm.sincosf    0x000c9e         0xd2 /opt/microchip/xc16/v1.36/bin/bin/../../lib/libm-elf.a(sincosf.epeo)
                  0x000c9e                  __sincosf
 .libm.fixsfsi    0x000d70         0x42 /opt/microchip/xc16/v1.36/bin/bin/../../lib/libm-elf.a(fixsfsi.epeo)
                  0x000d70                  _(float, int, long long, short, float, short, int)
 .libm.fmodf      0x000db2          0x4 /opt/microchip/xc16/v1.36/bin/bin/../../lib/libm-elf.a(fmodf.epeo)
                  0x000db2                  _fmodf
 .libm.fmodrem    0x000db6         0x9e /opt/microchip/xc16/v1.36/bin/bin/../../lib/libm-elf.a(fmodrem.epeo)
                  0x000db6                  __fmodrem
 .libc.memcpy     0x000e54          0xe /opt/microchip/xc16/v1.36/bin/bin/../../lib/liblega-c-elf.a(memcpy.EP_eo)
                  0x000e54                  _memcpy
 .libc.strlen     0x000e62          0xc /opt/microchip/xc16/v1.36/bin/bin/../../lib/liblega-c-elf.a(strlen.EP_eo)
                  0x000e62                  _strlen
 .libc.prout      0x000e6e          0xe /opt/microchip/xc16/v1.36/bin/bin/../../lib/liblega-c-elf.a(sprintf_cdfFnopuxX.EPeo)
                  0x000e6e                  sprintf_cdfFnopuxX.EPeo:_prout
 .libc._sprintf_cdfFnopuxX
                  0x000e7c         0x1e /opt/microchip/xc16/v1.36/bin/bin/../../lib/liblega-c-elf.a(sprintf_cdfFnopuxX.EPeo)
                  0x000e7c                  __sprintf_cdfFnopuxX
                  0x000e7c                  __sprintf_cdnopuxX
 .libc.__Printf_cdfFnopuxX
                  0x000e9a        0x164 /opt/microchip/xc16/v1.36/bin/bin/../../lib/liblega-c-elf.a(xprintf_cdfFnopuxX.EPeo)
                  0x000e9a                  ___Printf_cdfFnopuxX
                  0x000e9a                  ___Printf_cdnopuxX
 .libc.__Putfld_cdfFnopuxX
                  0x000ffe        0x2d4 /opt/microchip/xc16/v1.36/bin/bin/../../lib/liblega-c-elf.a(xputfld_cdfFnopuxX.EPeo)
                  0x000ffe                  ___Putfld_cdnopuxX
                  0x000ffe                  ___Putfld_cdfFnopuxX
 .libc.__Ldtob_cdfFnopuxX
                  0x0012d2        0x25c /opt/microchip/xc16/v1.36/bin/bin/../../lib/liblega-c-elf.a(xldtob_cdfFnopuxX.EPeo)
                  0x0012d2                  ___Ldtob_cdfFnopuxX
 .libc.__Genld_cdfFnopuxX
                  0x00152e        0x214 /opt/microchip/xc16/v1.36/bin/bin/../../lib/liblega-c-elf.a(xgenld_cdfFnopuxX.EPeo)
                  0x00152e                  ___Genld_cdfFnopuxX
 .libc.div        0x001742         0x16 /opt/microchip/xc16/v1.36/bin/bin/../../lib/liblega-c-elf.a(div.EP_eo)
                  0x001742                  _div
 .libc.ldiv       0x001758         0x2a /opt/microchip/xc16/v1.36/bin/bin/../../lib/liblega-c-elf.a(ldiv.EP_eo)
                  0x001758                  _ldiv
 .libc.strchr     0x001782         0x18 /opt/microchip/xc16/v1.36/bin/bin/../../lib/liblega-c-elf.a(strchr.EP_eo)
                  0x001782                  _strchr
 .libc._LDunscale
                  0x00179a         0x54 /opt/microchip/xc16/v1.36/bin/bin/../../lib/liblega-c-elf.a(xldunsca.EP_eo)
                  0x00179a                  __LDunscale
 .libc._Litob     0x0017ee        0x27a /opt/microchip/xc16/v1.36/bin/bin/../../lib/liblega-c-elf.a(xlitob.EP_eo)
                  0x0017ee                  __Litob
 .libc._Puttxt    0x001a68        0x178 /opt/microchip/xc16/v1.36/bin/bin/../../lib/liblega-c-elf.a(xputtxt.EP_eo)
                  0x001a68                  __Puttxt
 .libc._Vacopy    0x001be0          0x4 /opt/microchip/xc16/v1.36/bin/bin/../../lib/liblega-c-elf.a(xvacopy.EP_eo)
                  0x001be0                  __Vacopy
 .libc._Dnorm     0x001be4         0x98 /opt/microchip/xc16/v1.36/bin/bin/../../lib/liblega-c-elf.a(xdnorm.EP_elo)
                  0x001be4                  __Dnorm
 .libm.eqdf2      0x001c7c          0xa /opt/microchip/xc16/v1.36/bin/bin/../../lib/libm-elf.a(deqltle.epeo)
                  0x001c7c                  ___ledf2
                  0x001c7c                  ___eqdf2
                  0x001c7c                  ___ltdf2
 .libm.gtdf2      0x001c86          0xa /opt/microchip/xc16/v1.36/bin/bin/../../lib/libm-elf.a(dgtge.epeo)
                  0x001c86                  ___gedf2
                  0x001c86                  ___gtdf2
 .libm.divdf3     0x001c90         0xb4 /opt/microchip/xc16/v1.36/bin/bin/../../lib/libm-elf.a(divdf3.epeo)
                  0x001c90                  ___divdf3
 .libm.divsi3     0x001d44         0x1e /opt/microchip/xc16/v1.36/bin/bin/../../lib/libm-elf.a(divsi3.epeo)
                  0x001d44                  ___divsi3
 .libm.dpack      0x001d62         0x58 /opt/microchip/xc16/v1.36/bin/bin/../../lib/libm-elf.a(dpack.epeo)
                  0x001d62                  __dpack
 .libm.dunpack2
                  0x001dba         0x32 /opt/microchip/xc16/v1.36/bin/bin/../../lib/libm-elf.a(dunpack2.epeo)
                  0x001dba                  __dunpack2
                  0x001ddc                  __dreturnNaN
                  0x001de2                  __dunpack2exit
 .libm.extendsfdf2
                  0x001dec         0x3e /opt/microchip/xc16/v1.36/bin/bin/../../lib/libm-elf.a(extendsfdf.epeo)
                  0x001dec                  ___extendsfdf2
 .libm.fixdfsi    0x001e2a         0x58 /opt/microchip/xc16/v1.36/bin/bin/../../lib/libm-elf.a(fixdfsi.epeo)
                  0x001e2a                  _(float, int, long long, double, float, short, int)
 .libm.floatsidf
                  0x001e82          0x6 /opt/microchip/xc16/v1.36/bin/bin/../../lib/libm-elf.a(floatsidf.epeo)
                  0x001e82                  ___floatsidf
 .libm.muldf3     0x001e88         0xec /opt/microchip/xc16/v1.36/bin/bin/../../lib/libm-elf.a(muldf3.epeo)
                  0x001e88                  ___muldf3
 .libm.subdf3     0x001f74          0x4 /opt/microchip/xc16/v1.36/bin/bin/../../lib/libm-elf.a(subdf3.epeo)
                  0x001f74                  ___subdf3
 .libm.umodsi3    0x001f78          0x6 /opt/microchip/xc16/v1.36/bin/bin/../../lib/libm-elf.a(umodsi3.epeo)
                  0x001f78                  ___umodsi3
 .libm.mulsi3     0x001f7e          0xc /opt/microchip/xc16/v1.36/bin/bin/../../lib/libm-elf.a(mulsi3.epeo)
                  0x001f7e                  ___mulp32eds3
                  0x001f7e                  ___mulp32peds3
                  0x001f7e                  ___mulsi3
 .libm.__PplusBdi
                  0x001f8a         0x26 /opt/microchip/xc16/v1.36/bin/bin/../../lib/libm-elf.a(divmoddi3.epeo)
 .libm.__PminusBdi
                  0x001fb0         0x2a /opt/microchip/xc16/v1.36/bin/bin/../../lib/libm-elf.a(divmoddi3.epeo)
 .libm.__udivmoddi3
                  0x001fda         0xe6 /opt/microchip/xc16/v1.36/bin/bin/../../lib/libm-elf.a(divmoddi3.epeo)
                  0x001fda                  ___udivmoddi3
 .libm.__udivdi3
                  0x0020c0          0xe /opt/microchip/xc16/v1.36/bin/bin/../../lib/libm-elf.a(divmoddi3.epeo)
                  0x0020c0                  ___udivdi3
 .libm.__umoddi3
                  0x0020ce          0x8 /opt/microchip/xc16/v1.36/bin/bin/../../lib/libm-elf.a(divmoddi3.epeo)
                  0x0020ce                  ___umoddi3
 .libm.__divdi3
                  0x0020d6         0x60 /opt/microchip/xc16/v1.36/bin/bin/../../lib/libm-elf.a(divmoddi3.epeo)
                  0x0020d6                  ___divdi3
 .libm.__moddi3
                  0x002136         0x5c /opt/microchip/xc16/v1.36/bin/bin/../../lib/libm-elf.a(divmoddi3.epeo)
                  0x002136                  ___moddi3
 *fill*           0x002192          0x400
 .libm.adddf3     0x002194         0xfc /opt/microchip/xc16/v1.36/bin/bin/../../lib/libm-elf.a(adddf3.epeo)
                  0x002194                  ___adddf3
 .libm.dcompare
                  0x002290         0x52 /opt/microchip/xc16/v1.36/bin/bin/../../lib/libm-elf.a(dcompare.epeo)
                  0x002290                  __dcompare
 .libm.dPropagateNaN
                  0x0022e2         0x1e /opt/microchip/xc16/v1.36/bin/bin/../../lib/libm-elf.a(dpropagateNaN.epeo)
                  0x0022e2                  __dPropagateNaN
 .libm.dtype      0x002300         0x24 /opt/microchip/xc16/v1.36/bin/bin/../../lib/libm-elf.a(dtype.epeo)
                  0x002300                  __dtype
 .libm.dunpack    0x002324         0x4e /opt/microchip/xc16/v1.36/bin/bin/../../lib/libm-elf.a(dunpack.epeo)
                  0x002324                  __dunpack
 .libm.floatdidf
                  0x002372         0x20 /opt/microchip/xc16/v1.36/bin/bin/../../lib/libm-elf.a(floatdidf.epeo)
                  0x002372                  ___floatdidf
 .libm.floatundidf
                  0x002392         0x56 /opt/microchip/xc16/v1.36/bin/bin/../../lib/libm-elf.a(floatundidf.epeo)
                  0x002392                  ___floatundidf

usercode
 *(usercode)

__FGS             0xf80004          0x2
 *(__FGS.sec*)
 __FGS.sec        0xf80004          0x2 /CW/_FGSêû7
ƒû7
__FGS.sec
                  0xf80004                  __FGS.sec

__FOSCSEL
 *(__FOSCSEL.sec*)

__FOSC
 *(__FOSC.sec*)

__FWDT
 *(__FWDT.sec*)

__FPOR
 *(__FPOR.sec*)

__FICD
 *(__FICD.sec*)

__FAS
 *(__FAS.sec*)

__FUID0
 *(__FUID0.sec*)

.comment
 *(.comment)

.debug_info       0x000000      0x17042
 *(.debug_info)
 .debug_info      0x000000       0x2681 build/default/debug/dac.o
 .debug_info      0x002681       0x3a78 build/default/debug/planalta.o
 .debug_info      0x0060f9        0x81c build/default/debug/planalta_filtering.o
 .debug_info      0x006915        0x8e5 build/default/debug/filters_planalta.o
 .debug_info      0x0071fa        0x6d8 build/default/debug/main.o
 .debug_info      0x0078d2       0x3485 build/default/debug/_ext/1360930230/adc.o
 .debug_info      0x00ad57       0x2c5b build/default/debug/_ext/1360930230/i2c.o
 .debug_info      0x00d9b2       0x1a1b build/default/debug/_ext/1360930230/spi.o
 .debug_info      0x00f3cd        0x35f build/default/debug/_ext/1360930230/traps.o
 .debug_info      0x00f72c       0x1b71 build/default/debug/_ext/1360930230/uart.o
 .debug_info      0x01129d        0x84d build/default/debug/_ext/1360930230/utilities.o
 .debug_info      0x011aea         0x90 build/default/debug/_ext/1360930230/fir_compressed.o
 .debug_info      0x011b7a         0x8c build/default/debug/_ext/1360930230/lia_mixing.o
 .debug_info      0x011c06        0x5d4 build/default/debug/_ext/1360930230/pga.o
 .debug_info      0x0121da       0x1c12 build/default/debug/planalta_filtering_5khz.o
 .debug_info      0x013dec       0x14e8 build/default/debug/planalta_calibration.o
 .debug_info      0x0152d4       0x1bef build/default/debug/planalta_freq_sweep.o
 .debug_info      0x016ec3        0x17f /opt/microchip/xc16/v1.36/bin/bin/../../lib/libdsp-elf.a(frct2flt.depeo)
 *(.gnu.linkonce.wi.*)

.debug_abbrev     0x000000       0x1703
 *(.debug_abbrev)
 .debug_abbrev    0x000000        0x1e6 build/default/debug/dac.o
 .debug_abbrev    0x0001e6        0x249 build/default/debug/planalta.o
 .debug_abbrev    0x00042f         0xa7 build/default/debug/planalta_filtering.o
 .debug_abbrev    0x0004d6         0xd2 build/default/debug/filters_planalta.o
 .debug_abbrev    0x0005a8         0xea build/default/debug/main.o
 .debug_abbrev    0x000692        0x276 build/default/debug/_ext/1360930230/adc.o
 .debug_abbrev    0x000908        0x27c build/default/debug/_ext/1360930230/i2c.o
 .debug_abbrev    0x000b84        0x1f0 build/default/debug/_ext/1360930230/spi.o
 .debug_abbrev    0x000d74         0x8a build/default/debug/_ext/1360930230/traps.o
 .debug_abbrev    0x000dfe        0x1fa build/default/debug/_ext/1360930230/uart.o
 .debug_abbrev    0x000ff8        0x149 build/default/debug/_ext/1360930230/utilities.o
 .debug_abbrev    0x001141         0x14 build/default/debug/_ext/1360930230/fir_compressed.o
 .debug_abbrev    0x001155         0x14 build/default/debug/_ext/1360930230/lia_mixing.o
 .debug_abbrev    0x001169         0xfa build/default/debug/_ext/1360930230/pga.o
 .debug_abbrev    0x001263        0x186 build/default/debug/planalta_filtering_5khz.o
 .debug_abbrev    0x0013e9        0x120 build/default/debug/planalta_calibration.o
 .debug_abbrev    0x001509        0x199 build/default/debug/planalta_freq_sweep.o
 .debug_abbrev    0x0016a2         0x61 /opt/microchip/xc16/v1.36/bin/bin/../../lib/libdsp-elf.a(frct2flt.depeo)

.debug_line       0x000000       0x1fba
 *(.debug_line)
 .debug_line      0x000000        0x21b build/default/debug/dac.o
 .debug_line      0x00021b        0x34d build/default/debug/planalta.o
 .debug_line      0x000568        0x12d build/default/debug/planalta_filtering.o
 .debug_line      0x000695        0x197 build/default/debug/filters_planalta.o
 .debug_line      0x00082c         0x1a build/default/debug/fir_coeffs.o
 .debug_line      0x000846         0xea build/default/debug/main.o
 .debug_line      0x000930        0x294 build/default/debug/_ext/1360930230/adc.o
 .debug_line      0x000bc4        0x58c build/default/debug/_ext/1360930230/i2c.o
 .debug_line      0x001150        0x257 build/default/debug/_ext/1360930230/spi.o
 .debug_line      0x0013a7         0xdd build/default/debug/_ext/1360930230/traps.o
 .debug_line      0x001484        0x1c6 build/default/debug/_ext/1360930230/uart.o
 .debug_line      0x00164a        0x137 build/default/debug/_ext/1360930230/utilities.o
 .debug_line      0x001781         0x9a build/default/debug/_ext/1360930230/fir_compressed.o
 .debug_line      0x00181b         0x75 build/default/debug/_ext/1360930230/lia_mixing.o
 .debug_line      0x001890         0xd7 build/default/debug/_ext/1360930230/pga.o
 .debug_line      0x001967        0x246 build/default/debug/planalta_filtering_5khz.o
 .debug_line      0x001bad        0x131 build/default/debug/planalta_calibration.o
 .debug_line      0x001cde        0x289 build/default/debug/planalta_freq_sweep.o
 .debug_line      0x001f67         0x53 /opt/microchip/xc16/v1.36/bin/bin/../../lib/libdsp-elf.a(frct2flt.depeo)

.debug_frame      0x000000       0x1372
 *(.debug_frame)
 .debug_frame     0x000000        0x170 build/default/debug/dac.o
 .debug_frame     0x000170        0x180 build/default/debug/planalta.o
 .debug_frame     0x0002f0         0x4c build/default/debug/planalta_filtering.o
 .debug_frame     0x00033c         0x30 build/default/debug/filters_planalta.o
 .debug_frame     0x00036c         0x30 build/default/debug/main.o
 .debug_frame     0x00039c        0x260 build/default/debug/_ext/1360930230/adc.o
 .debug_frame     0x0005fc        0x550 build/default/debug/_ext/1360930230/i2c.o
 .debug_frame     0x000b4c        0x164 build/default/debug/_ext/1360930230/spi.o
 .debug_frame     0x000cb0        0x154 build/default/debug/_ext/1360930230/traps.o
 .debug_frame     0x000e04        0x1b6 build/default/debug/_ext/1360930230/uart.o
 .debug_frame     0x000fba        0x12a build/default/debug/_ext/1360930230/utilities.o
 .debug_frame     0x0010e4         0x8a build/default/debug/_ext/1360930230/pga.o
 .debug_frame     0x00116e         0xbc build/default/debug/planalta_filtering_5khz.o
 .debug_frame     0x00122a         0x68 build/default/debug/planalta_calibration.o
 .debug_frame     0x001292         0xbc build/default/debug/planalta_freq_sweep.o
 .debug_frame     0x00134e         0x24 /opt/microchip/xc16/v1.36/bin/bin/../../lib/libdsp-elf.a(frct2flt.depeo)

.debug_str        0x000000       0x1523
 *(.debug_str)
 .debug_str       0x000000         0xd6 build/default/debug/dac.o
 .debug_str       0x0000d6        0x19d build/default/debug/planalta.o
 .debug_str       0x000273        0x281 build/default/debug/planalta_filtering.o
 .debug_str       0x0004f4        0x280 build/default/debug/filters_planalta.o
 .debug_str       0x000774         0x2c build/default/debug/main.o
 .debug_str       0x0007a0        0x1d7 build/default/debug/_ext/1360930230/adc.o
 .debug_str       0x000977        0x281 build/default/debug/_ext/1360930230/i2c.o
 .debug_str       0x000bf8        0x151 build/default/debug/_ext/1360930230/spi.o
 .debug_str       0x000d49          0xc build/default/debug/_ext/1360930230/traps.o
 .debug_str       0x000d55        0x1cc build/default/debug/_ext/1360930230/uart.o
 .debug_str       0x000f21         0x1c build/default/debug/_ext/1360930230/utilities.o
 .debug_str       0x000f3d          0x8 build/default/debug/_ext/1360930230/pga.o
 .debug_str       0x000f45        0x395 build/default/debug/planalta_filtering_5khz.o
 .debug_str       0x0012da         0x32 build/default/debug/planalta_calibration.o
 .debug_str       0x00130c        0x217 build/default/debug/planalta_freq_sweep.o

.debug_loc
 *(.debug_loc)

.debug_macinfo
 *(.debug_macinfo)

.debug_pubnames
                  0x000000       0x1a9c
 *(.debug_pubnames)
 .debug_pubnames
                  0x000000         0xf3 build/default/debug/dac.o
 .debug_pubnames
                  0x0000f3        0x198 build/default/debug/planalta.o
 .debug_pubnames
                  0x00028b        0x47d build/default/debug/planalta_filtering.o
 .debug_pubnames
                  0x000708        0x2c5 build/default/debug/filters_planalta.o
 .debug_pubnames
                  0x0009cd         0x1b build/default/debug/main.o
 .debug_pubnames
                  0x0009e8        0x1bb build/default/debug/_ext/1360930230/adc.o
 .debug_pubnames
                  0x000ba3        0x620 build/default/debug/_ext/1360930230/i2c.o
 .debug_pubnames
                  0x0011c3        0x13c build/default/debug/_ext/1360930230/spi.o
 .debug_pubnames
                  0x0012ff         0x66 build/default/debug/_ext/1360930230/traps.o
 .debug_pubnames
                  0x001365        0x27e build/default/debug/_ext/1360930230/uart.o
 .debug_pubnames
                  0x0015e3         0xb7 build/default/debug/_ext/1360930230/utilities.o
 .debug_pubnames
                  0x00169a         0x72 build/default/debug/_ext/1360930230/pga.o
 .debug_pubnames
                  0x00170c         0x98 build/default/debug/planalta_filtering_5khz.o
 .debug_pubnames
                  0x0017a4         0x51 build/default/debug/planalta_calibration.o
 .debug_pubnames
                  0x0017f5        0x285 build/default/debug/planalta_freq_sweep.o
 .debug_pubnames
                  0x001a7a         0x22 /opt/microchip/xc16/v1.36/bin/bin/../../lib/libdsp-elf.a(frct2flt.depeo)

.debug_ranges
 *(.debug_ranges)

.debug_aranges    0x000000        0x1b0
 *(.debug_aranges)
 .debug_aranges
                  0x000000         0x18 build/default/debug/dac.o
 .debug_aranges
                  0x000018         0x18 build/default/debug/planalta.o
 .debug_aranges
                  0x000030         0x18 build/default/debug/planalta_filtering.o
 .debug_aranges
                  0x000048         0x18 build/default/debug/filters_planalta.o
 .debug_aranges
                  0x000060         0x18 build/default/debug/main.o
 .debug_aranges
                  0x000078         0x18 build/default/debug/_ext/1360930230/adc.o
 .debug_aranges
                  0x000090         0x18 build/default/debug/_ext/1360930230/i2c.o
 .debug_aranges
                  0x0000a8         0x18 build/default/debug/_ext/1360930230/spi.o
 .debug_aranges
                  0x0000c0         0x18 build/default/debug/_ext/1360930230/traps.o
 .debug_aranges
                  0x0000d8         0x18 build/default/debug/_ext/1360930230/uart.o
 .debug_aranges
                  0x0000f0         0x18 build/default/debug/_ext/1360930230/utilities.o
 .debug_aranges
                  0x000108         0x18 build/default/debug/_ext/1360930230/fir_compressed.o
 .debug_aranges
                  0x000120         0x18 build/default/debug/_ext/1360930230/lia_mixing.o
 .debug_aranges
                  0x000138         0x18 build/default/debug/_ext/1360930230/pga.o
 .debug_aranges
                  0x000150         0x18 build/default/debug/planalta_filtering_5khz.o
 .debug_aranges
                  0x000168         0x18 build/default/debug/planalta_calibration.o
 .debug_aranges
                  0x000180         0x18 build/default/debug/planalta_freq_sweep.o
 .debug_aranges
                  0x000198         0x18 /opt/microchip/xc16/v1.36/bin/bin/../../lib/libdsp-elf.a(frct2flt.depeo)
                    0x0000                  WREG0 = 0x0
                    0x0000                  _WREG0 = 0x0
                    0x0002                  WREG1 = 0x2
                    0x0002                  _WREG1 = 0x2
                    0x0004                  WREG2 = 0x4
                    0x0004                  _WREG2 = 0x4
                    0x0006                  WREG3 = 0x6
                    0x0006                  _WREG3 = 0x6
                    0x0008                  WREG4 = 0x8
                    0x0008                  _WREG4 = 0x8
                    0x000a                  WREG5 = 0xa
                    0x000a                  _WREG5 = 0xa
                    0x000c                  WREG6 = 0xc
                    0x000c                  _WREG6 = 0xc
                    0x000e                  WREG7 = 0xe
                    0x000e                  _WREG7 = 0xe
                    0x0010                  WREG8 = 0x10
                    0x0010                  _WREG8 = 0x10
                    0x0012                  WREG9 = 0x12
                    0x0012                  _WREG9 = 0x12
                    0x0014                  WREG10 = 0x14
                    0x0014                  _WREG10 = 0x14
                    0x0016                  WREG11 = 0x16
                    0x0016                  _WREG11 = 0x16
                    0x0018                  WREG12 = 0x18
                    0x0018                  _WREG12 = 0x18
                    0x001a                  WREG13 = 0x1a
                    0x001a                  _WREG13 = 0x1a
                    0x001c                  WREG14 = 0x1c
                    0x001c                  _WREG14 = 0x1c
                    0x001e                  WREG15 = 0x1e
                    0x001e                  _WREG15 = 0x1e
                    0x0020                  SPLIM = 0x20
                    0x0020                  _SPLIM = 0x20
                    0x0022                  ACCAL = 0x22
                    0x0022                  _ACCAL = 0x22
                    0x0024                  ACCAH = 0x24
                    0x0024                  _ACCAH = 0x24
                    0x0026                  ACCAU = 0x26
                    0x0026                  _ACCAU = 0x26
                    0x0028                  ACCBL = 0x28
                    0x0028                  _ACCBL = 0x28
                    0x002a                  ACCBH = 0x2a
                    0x002a                  _ACCBH = 0x2a
                    0x002c                  ACCBU = 0x2c
                    0x002c                  _ACCBU = 0x2c
                    0x002e                  PCL = 0x2e
                    0x002e                  _PCL = 0x2e
                    0x0030                  PCH = 0x30
                    0x0030                  _PCH = 0x30
                    0x0032                  DSRPAG = 0x32
                    0x0032                  _DSRPAG = 0x32
                    0x0032                  _DSRPAGbits = 0x32
                    0x0034                  DSWPAG = 0x34
                    0x0034                  _DSWPAG = 0x34
                    0x0034                  _DSWPAGbits = 0x34
                    0x0036                  RCOUNT = 0x36
                    0x0036                  _RCOUNT = 0x36
                    0x0038                  DCOUNT = 0x38
                    0x0038                  _DCOUNT = 0x38
                    0x003a                  DOSTARTL = 0x3a
                    0x003a                  _DOSTARTL = 0x3a
                    0x003c                  DOSTARTH = 0x3c
                    0x003c                  _DOSTARTH = 0x3c
                    0x003e                  DOENDL = 0x3e
                    0x003e                  _DOENDL = 0x3e
                    0x0040                  DOENDH = 0x40
                    0x0040                  _DOENDH = 0x40
                    0x0042                  SR = 0x42
                    0x0042                  _SR = 0x42
                    0x0042                  _SRbits = 0x42
                    0x0044                  CORCON = 0x44
                    0x0044                  _CORCON = 0x44
                    0x0044                  _CORCONbits = 0x44
                    0x0046                  MODCON = 0x46
                    0x0046                  _MODCON = 0x46
                    0x0046                  _MODCONbits = 0x46
                    0x0048                  XMODSRT = 0x48
                    0x0048                  _XMODSRT = 0x48
                    0x004a                  XMODEND = 0x4a
                    0x004a                  _XMODEND = 0x4a
                    0x004c                  YMODSRT = 0x4c
                    0x004c                  _YMODSRT = 0x4c
                    0x004e                  YMODEND = 0x4e
                    0x004e                  _YMODEND = 0x4e
                    0x0050                  XBREV = 0x50
                    0x0050                  _XBREV = 0x50
                    0x0050                  _XBREVbits = 0x50
                    0x0052                  DISICNT = 0x52
                    0x0052                  _DISICNT = 0x52
                    0x0054                  TBLPAG = 0x54
                    0x0054                  _TBLPAG = 0x54
                    0x0054                  _TBLPAGbits = 0x54
                    0x0058                  MSTRPR = 0x58
                    0x0058                  _MSTRPR = 0x58
                    0x0100                  TMR1 = 0x100
                    0x0100                  _TMR1 = 0x100
                    0x0102                  PR1 = 0x102
                    0x0102                  _PR1 = 0x102
                    0x0104                  T1CON = 0x104
                    0x0104                  _T1CON = 0x104
                    0x0104                  _T1CONbits = 0x104
                    0x0106                  TMR2 = 0x106
                    0x0106                  _TMR2 = 0x106
                    0x0108                  TMR3HLD = 0x108
                    0x0108                  _TMR3HLD = 0x108
                    0x010a                  TMR3 = 0x10a
                    0x010a                  _TMR3 = 0x10a
                    0x010c                  PR2 = 0x10c
                    0x010c                  _PR2 = 0x10c
                    0x010e                  PR3 = 0x10e
                    0x010e                  _PR3 = 0x10e
                    0x0110                  T2CON = 0x110
                    0x0110                  _T2CON = 0x110
                    0x0110                  _T2CONbits = 0x110
                    0x0112                  T3CON = 0x112
                    0x0112                  _T3CON = 0x112
                    0x0112                  _T3CONbits = 0x112
                    0x0114                  TMR4 = 0x114
                    0x0114                  _TMR4 = 0x114
                    0x0116                  TMR5HLD = 0x116
                    0x0116                  _TMR5HLD = 0x116
                    0x0118                  TMR5 = 0x118
                    0x0118                  _TMR5 = 0x118
                    0x011a                  PR4 = 0x11a
                    0x011a                  _PR4 = 0x11a
                    0x011c                  PR5 = 0x11c
                    0x011c                  _PR5 = 0x11c
                    0x011e                  T4CON = 0x11e
                    0x011e                  _T4CON = 0x11e
                    0x011e                  _T4CONbits = 0x11e
                    0x0120                  T5CON = 0x120
                    0x0120                  _T5CON = 0x120
                    0x0120                  _T5CONbits = 0x120
                    0x0122                  TMR6 = 0x122
                    0x0122                  _TMR6 = 0x122
                    0x0124                  TMR7HLD = 0x124
                    0x0124                  _TMR7HLD = 0x124
                    0x0126                  TMR7 = 0x126
                    0x0126                  _TMR7 = 0x126
                    0x0128                  PR6 = 0x128
                    0x0128                  _PR6 = 0x128
                    0x012a                  PR7 = 0x12a
                    0x012a                  _PR7 = 0x12a
                    0x012c                  T6CON = 0x12c
                    0x012c                  _T6CON = 0x12c
                    0x012c                  _T6CONbits = 0x12c
                    0x012e                  T7CON = 0x12e
                    0x012e                  _T7CON = 0x12e
                    0x012e                  _T7CONbits = 0x12e
                    0x0130                  TMR8 = 0x130
                    0x0130                  _TMR8 = 0x130
                    0x0132                  TMR9HLD = 0x132
                    0x0132                  _TMR9HLD = 0x132
                    0x0134                  TMR9 = 0x134
                    0x0134                  _TMR9 = 0x134
                    0x0136                  PR8 = 0x136
                    0x0136                  _PR8 = 0x136
                    0x0138                  PR9 = 0x138
                    0x0138                  _PR9 = 0x138
                    0x013a                  T8CON = 0x13a
                    0x013a                  _T8CON = 0x13a
                    0x013a                  _T8CONbits = 0x13a
                    0x013c                  T9CON = 0x13c
                    0x013c                  _T9CON = 0x13c
                    0x013c                  _T9CONbits = 0x13c
                    0x0140                  IC1CON1 = 0x140
                    0x0140                  _IC1CON1 = 0x140
                    0x0140                  _IC1CON1bits = 0x140
                    0x0142                  IC1CON2 = 0x142
                    0x0142                  _IC1CON2 = 0x142
                    0x0142                  _IC1CON2bits = 0x142
                    0x0144                  IC1BUF = 0x144
                    0x0144                  _IC1BUF = 0x144
                    0x0146                  IC1TMR = 0x146
                    0x0146                  _IC1TMR = 0x146
                    0x0148                  IC2CON1 = 0x148
                    0x0148                  _IC2CON1 = 0x148
                    0x0148                  _IC2CON1bits = 0x148
                    0x014a                  IC2CON2 = 0x14a
                    0x014a                  _IC2CON2 = 0x14a
                    0x014a                  _IC2CON2bits = 0x14a
                    0x014c                  IC2BUF = 0x14c
                    0x014c                  _IC2BUF = 0x14c
                    0x014e                  IC2TMR = 0x14e
                    0x014e                  _IC2TMR = 0x14e
                    0x0150                  IC3CON1 = 0x150
                    0x0150                  _IC3CON1 = 0x150
                    0x0150                  _IC3CON1bits = 0x150
                    0x0152                  IC3CON2 = 0x152
                    0x0152                  _IC3CON2 = 0x152
                    0x0152                  _IC3CON2bits = 0x152
                    0x0154                  IC3BUF = 0x154
                    0x0154                  _IC3BUF = 0x154
                    0x0156                  IC3TMR = 0x156
                    0x0156                  _IC3TMR = 0x156
                    0x0158                  IC4CON1 = 0x158
                    0x0158                  _IC4CON1 = 0x158
                    0x0158                  _IC4CON1bits = 0x158
                    0x015a                  IC4CON2 = 0x15a
                    0x015a                  _IC4CON2 = 0x15a
                    0x015a                  _IC4CON2bits = 0x15a
                    0x015c                  IC4BUF = 0x15c
                    0x015c                  _IC4BUF = 0x15c
                    0x015e                  IC4TMR = 0x15e
                    0x015e                  _IC4TMR = 0x15e
                    0x0160                  IC5CON1 = 0x160
                    0x0160                  _IC5CON1 = 0x160
                    0x0160                  _IC5CON1bits = 0x160
                    0x0162                  IC5CON2 = 0x162
                    0x0162                  _IC5CON2 = 0x162
                    0x0162                  _IC5CON2bits = 0x162
                    0x0164                  IC5BUF = 0x164
                    0x0164                  _IC5BUF = 0x164
                    0x0166                  IC5TMR = 0x166
                    0x0166                  _IC5TMR = 0x166
                    0x0168                  IC6CON1 = 0x168
                    0x0168                  _IC6CON1 = 0x168
                    0x0168                  _IC6CON1bits = 0x168
                    0x016a                  IC6CON2 = 0x16a
                    0x016a                  _IC6CON2 = 0x16a
                    0x016a                  _IC6CON2bits = 0x16a
                    0x016c                  IC6BUF = 0x16c
                    0x016c                  _IC6BUF = 0x16c
                    0x016e                  IC6TMR = 0x16e
                    0x016e                  _IC6TMR = 0x16e
                    0x0170                  IC7CON1 = 0x170
                    0x0170                  _IC7CON1 = 0x170
                    0x0170                  _IC7CON1bits = 0x170
                    0x0172                  IC7CON2 = 0x172
                    0x0172                  _IC7CON2 = 0x172
                    0x0172                  _IC7CON2bits = 0x172
                    0x0174                  IC7BUF = 0x174
                    0x0174                  _IC7BUF = 0x174
                    0x0176                  IC7TMR = 0x176
                    0x0176                  _IC7TMR = 0x176
                    0x0178                  IC8CON1 = 0x178
                    0x0178                  _IC8CON1 = 0x178
                    0x0178                  _IC8CON1bits = 0x178
                    0x017a                  IC8CON2 = 0x17a
                    0x017a                  _IC8CON2 = 0x17a
                    0x017a                  _IC8CON2bits = 0x17a
                    0x017c                  IC8BUF = 0x17c
                    0x017c                  _IC8BUF = 0x17c
                    0x017e                  IC8TMR = 0x17e
                    0x017e                  _IC8TMR = 0x17e
                    0x0180                  IC9CON1 = 0x180
                    0x0180                  _IC9CON1 = 0x180
                    0x0180                  _IC9CON1bits = 0x180
                    0x0182                  IC9CON2 = 0x182
                    0x0182                  _IC9CON2 = 0x182
                    0x0182                  _IC9CON2bits = 0x182
                    0x0184                  IC9BUF = 0x184
                    0x0184                  _IC9BUF = 0x184
                    0x0186                  IC9TMR = 0x186
                    0x0186                  _IC9TMR = 0x186
                    0x0188                  IC10CON1 = 0x188
                    0x0188                  _IC10CON1 = 0x188
                    0x0188                  _IC10CON1bits = 0x188
                    0x018a                  IC10CON2 = 0x18a
                    0x018a                  _IC10CON2 = 0x18a
                    0x018a                  _IC10CON2bits = 0x18a
                    0x018c                  IC10BUF = 0x18c
                    0x018c                  _IC10BUF = 0x18c
                    0x018e                  IC10TMR = 0x18e
                    0x018e                  _IC10TMR = 0x18e
                    0x0190                  IC11CON1 = 0x190
                    0x0190                  _IC11CON1 = 0x190
                    0x0190                  _IC11CON1bits = 0x190
                    0x0192                  IC11CON2 = 0x192
                    0x0192                  _IC11CON2 = 0x192
                    0x0192                  _IC11CON2bits = 0x192
                    0x0194                  IC11BUF = 0x194
                    0x0194                  _IC11BUF = 0x194
                    0x0196                  IC11TMR = 0x196
                    0x0196                  _IC11TMR = 0x196
                    0x0198                  IC12CON1 = 0x198
                    0x0198                  _IC12CON1 = 0x198
                    0x0198                  _IC12CON1bits = 0x198
                    0x019a                  IC12CON2 = 0x19a
                    0x019a                  _IC12CON2 = 0x19a
                    0x019a                  _IC12CON2bits = 0x19a
                    0x019c                  IC12BUF = 0x19c
                    0x019c                  _IC12BUF = 0x19c
                    0x019e                  IC12TMR = 0x19e
                    0x019e                  _IC12TMR = 0x19e
                    0x01a0                  IC13CON1 = 0x1a0
                    0x01a0                  _IC13CON1 = 0x1a0
                    0x01a0                  _IC13CON1bits = 0x1a0
                    0x01a2                  IC13CON2 = 0x1a2
                    0x01a2                  _IC13CON2 = 0x1a2
                    0x01a2                  _IC13CON2bits = 0x1a2
                    0x01a4                  IC13BUF = 0x1a4
                    0x01a4                  _IC13BUF = 0x1a4
                    0x01a6                  IC13TMR = 0x1a6
                    0x01a6                  _IC13TMR = 0x1a6
                    0x01a8                  IC14CON1 = 0x1a8
                    0x01a8                  _IC14CON1 = 0x1a8
                    0x01a8                  _IC14CON1bits = 0x1a8
                    0x01aa                  IC14CON2 = 0x1aa
                    0x01aa                  _IC14CON2 = 0x1aa
                    0x01aa                  _IC14CON2bits = 0x1aa
                    0x01ac                  IC14BUF = 0x1ac
                    0x01ac                  _IC14BUF = 0x1ac
                    0x01ae                  IC14TMR = 0x1ae
                    0x01ae                  _IC14TMR = 0x1ae
                    0x01b0                  IC15CON1 = 0x1b0
                    0x01b0                  _IC15CON1 = 0x1b0
                    0x01b0                  _IC15CON1bits = 0x1b0
                    0x01b2                  IC15CON2 = 0x1b2
                    0x01b2                  _IC15CON2 = 0x1b2
                    0x01b2                  _IC15CON2bits = 0x1b2
                    0x01b4                  IC15BUF = 0x1b4
                    0x01b4                  _IC15BUF = 0x1b4
                    0x01b6                  IC15TMR = 0x1b6
                    0x01b6                  _IC15TMR = 0x1b6
                    0x01b8                  IC16CON1 = 0x1b8
                    0x01b8                  _IC16CON1 = 0x1b8
                    0x01b8                  _IC16CON1bits = 0x1b8
                    0x01ba                  IC16CON2 = 0x1ba
                    0x01ba                  _IC16CON2 = 0x1ba
                    0x01ba                  _IC16CON2bits = 0x1ba
                    0x01bc                  IC16BUF = 0x1bc
                    0x01bc                  _IC16BUF = 0x1bc
                    0x01be                  IC16TMR = 0x1be
                    0x01be                  _IC16TMR = 0x1be
                    0x01c0                  QEI1CON = 0x1c0
                    0x01c0                  _QEI1CON = 0x1c0
                    0x01c0                  _QEI1CONbits = 0x1c0
                    0x01c2                  QEI1IOC = 0x1c2
                    0x01c2                  _QEI1IOC = 0x1c2
                    0x01c2                  _QEI1IOCbits = 0x1c2
                    0x01c4                  QEI1STAT = 0x1c4
                    0x01c4                  _QEI1STAT = 0x1c4
                    0x01c4                  _QEI1STATbits = 0x1c4
                    0x01c6                  POS1CNTL = 0x1c6
                    0x01c6                  _POS1CNTL = 0x1c6
                    0x01c8                  POS1CNTH = 0x1c8
                    0x01c8                  _POS1CNTH = 0x1c8
                    0x01ca                  POS1HLD = 0x1ca
                    0x01ca                  _POS1HLD = 0x1ca
                    0x01cc                  VEL1CNT = 0x1cc
                    0x01cc                  _VEL1CNT = 0x1cc
                    0x01ce                  INT1TMRL = 0x1ce
                    0x01ce                  _INT1TMRL = 0x1ce
                    0x01d0                  INT1TMRH = 0x1d0
                    0x01d0                  _INT1TMRH = 0x1d0
                    0x01d2                  INT1HLDL = 0x1d2
                    0x01d2                  _INT1HLDL = 0x1d2
                    0x01d4                  INT1HLDH = 0x1d4
                    0x01d4                  _INT1HLDH = 0x1d4
                    0x01d6                  INDX1CNTL = 0x1d6
                    0x01d6                  _INDX1CNTL = 0x1d6
                    0x01d8                  INDX1CNTH = 0x1d8
                    0x01d8                  _INDX1CNTH = 0x1d8
                    0x01da                  INDX1HLD = 0x1da
                    0x01da                  _INDX1HLD = 0x1da
                    0x01dc                  QEI1GECL = 0x1dc
                    0x01dc                  _QEI1GECL = 0x1dc
                    0x01dc                  QEI1ICL = 0x1dc
                    0x01dc                  _QEI1ICL = 0x1dc
                    0x01de                  QEI1GECH = 0x1de
                    0x01de                  _QEI1GECH = 0x1de
                    0x01de                  QEI1ICH = 0x1de
                    0x01de                  _QEI1ICH = 0x1de
                    0x01e0                  QEI1LECL = 0x1e0
                    0x01e0                  _QEI1LECL = 0x1e0
                    0x01e2                  QEI1LECH = 0x1e2
                    0x01e2                  _QEI1LECH = 0x1e2
                    0x0200                  I2C1RCV = 0x200
                    0x0200                  _I2C1RCV = 0x200
                    0x0202                  I2C1TRN = 0x202
                    0x0202                  _I2C1TRN = 0x202
                    0x0204                  I2C1BRG = 0x204
                    0x0204                  _I2C1BRG = 0x204
                    0x0206                  I2C1CON = 0x206
                    0x0206                  _I2C1CON = 0x206
                    0x0206                  _I2C1CONbits = 0x206
                    0x0208                  I2C1STAT = 0x208
                    0x0208                  _I2C1STAT = 0x208
                    0x0208                  _I2C1STATbits = 0x208
                    0x020a                  I2C1ADD = 0x20a
                    0x020a                  _I2C1ADD = 0x20a
                    0x020c                  I2C1MSK = 0x20c
                    0x020c                  _I2C1MSK = 0x20c
                    0x0210                  I2C2RCV = 0x210
                    0x0210                  _I2C2RCV = 0x210
                    0x0212                  I2C2TRN = 0x212
                    0x0212                  _I2C2TRN = 0x212
                    0x0214                  I2C2BRG = 0x214
                    0x0214                  _I2C2BRG = 0x214
                    0x0216                  I2C2CON = 0x216
                    0x0216                  _I2C2CON = 0x216
                    0x0216                  _I2C2CONbits = 0x216
                    0x0218                  I2C2STAT = 0x218
                    0x0218                  _I2C2STAT = 0x218
                    0x0218                  _I2C2STATbits = 0x218
                    0x021a                  I2C2ADD = 0x21a
                    0x021a                  _I2C2ADD = 0x21a
                    0x021c                  I2C2MSK = 0x21c
                    0x021c                  _I2C2MSK = 0x21c
                    0x0220                  U1MODE = 0x220
                    0x0220                  _U1MODE = 0x220
                    0x0220                  _U1MODEbits = 0x220
                    0x0222                  U1STA = 0x222
                    0x0222                  _U1STA = 0x222
                    0x0222                  _U1STAbits = 0x222
                    0x0224                  U1TXREG = 0x224
                    0x0224                  _U1TXREG = 0x224
                    0x0226                  U1RXREG = 0x226
                    0x0226                  _U1RXREG = 0x226
                    0x0228                  U1BRG = 0x228
                    0x0228                  _U1BRG = 0x228
                    0x0230                  U2MODE = 0x230
                    0x0230                  _U2MODE = 0x230
                    0x0230                  _U2MODEbits = 0x230
                    0x0232                  U2STA = 0x232
                    0x0232                  _U2STA = 0x232
                    0x0232                  _U2STAbits = 0x232
                    0x0234                  U2TXREG = 0x234
                    0x0234                  _U2TXREG = 0x234
                    0x0236                  U2RXREG = 0x236
                    0x0236                  _U2RXREG = 0x236
                    0x0238                  U2BRG = 0x238
                    0x0238                  _U2BRG = 0x238
                    0x0240                  SPI1STAT = 0x240
                    0x0240                  _SPI1STAT = 0x240
                    0x0240                  _SPI1STATbits = 0x240
                    0x0242                  SPI1CON1 = 0x242
                    0x0242                  _SPI1CON1 = 0x242
                    0x0242                  _SPI1CON1bits = 0x242
                    0x0244                  SPI1CON2 = 0x244
                    0x0244                  _SPI1CON2 = 0x244
                    0x0244                  _SPI1CON2bits = 0x244
                    0x0248                  SPI1BUF = 0x248
                    0x0248                  _SPI1BUF = 0x248
                    0x0250                  U3MODE = 0x250
                    0x0250                  _U3MODE = 0x250
                    0x0250                  _U3MODEbits = 0x250
                    0x0252                  U3STA = 0x252
                    0x0252                  _U3STA = 0x252
                    0x0252                  _U3STAbits = 0x252
                    0x0254                  U3TXREG = 0x254
                    0x0254                  _U3TXREG = 0x254
                    0x0256                  U3RXREG = 0x256
                    0x0256                  _U3RXREG = 0x256
                    0x0258                  U3BRG = 0x258
                    0x0258                  _U3BRG = 0x258
                    0x0260                  SPI2STAT = 0x260
                    0x0260                  _SPI2STAT = 0x260
                    0x0260                  _SPI2STATbits = 0x260
                    0x0262                  SPI2CON1 = 0x262
                    0x0262                  _SPI2CON1 = 0x262
                    0x0262                  _SPI2CON1bits = 0x262
                    0x0264                  SPI2CON2 = 0x264
                    0x0264                  _SPI2CON2 = 0x264
                    0x0264                  _SPI2CON2bits = 0x264
                    0x0268                  SPI2BUF = 0x268
                    0x0268                  _SPI2BUF = 0x268
                    0x0280                  DCICON1 = 0x280
                    0x0280                  _DCICON1 = 0x280
                    0x0280                  _DCICON1bits = 0x280
                    0x0282                  DCICON2 = 0x282
                    0x0282                  _DCICON2 = 0x282
                    0x0282                  _DCICON2bits = 0x282
                    0x0284                  DCICON3 = 0x284
                    0x0284                  _DCICON3 = 0x284
                    0x0284                  _DCICON3bits = 0x284
                    0x0286                  DCISTAT = 0x286
                    0x0286                  _DCISTAT = 0x286
                    0x0286                  _DCISTATbits = 0x286
                    0x0288                  TSCON = 0x288
                    0x0288                  _TSCON = 0x288
                    0x0288                  _TSCONbits = 0x288
                    0x028c                  RSCON = 0x28c
                    0x028c                  _RSCON = 0x28c
                    0x028c                  _RSCONbits = 0x28c
                    0x0290                  RXBUF0 = 0x290
                    0x0290                  _RXBUF0 = 0x290
                    0x0292                  RXBUF1 = 0x292
                    0x0292                  _RXBUF1 = 0x292
                    0x0294                  RXBUF2 = 0x294
                    0x0294                  _RXBUF2 = 0x294
                    0x0296                  RXBUF3 = 0x296
                    0x0296                  _RXBUF3 = 0x296
                    0x0298                  TXBUF0 = 0x298
                    0x0298                  _TXBUF0 = 0x298
                    0x029a                  TXBUF1 = 0x29a
                    0x029a                  _TXBUF1 = 0x29a
                    0x029c                  TXBUF2 = 0x29c
                    0x029c                  _TXBUF2 = 0x29c
                    0x029e                  TXBUF3 = 0x29e
                    0x029e                  _TXBUF3 = 0x29e
                    0x02a0                  SPI3STAT = 0x2a0
                    0x02a0                  _SPI3STAT = 0x2a0
                    0x02a0                  _SPI3STATbits = 0x2a0
                    0x02a2                  SPI3CON1 = 0x2a2
                    0x02a2                  _SPI3CON1 = 0x2a2
                    0x02a2                  _SPI3CON1bits = 0x2a2
                    0x02a4                  SPI3CON2 = 0x2a4
                    0x02a4                  _SPI3CON2 = 0x2a4
                    0x02a4                  _SPI3CON2bits = 0x2a4
                    0x02a8                  SPI3BUF = 0x2a8
                    0x02a8                  _SPI3BUF = 0x2a8
                    0x02b0                  U4MODE = 0x2b0
                    0x02b0                  _U4MODE = 0x2b0
                    0x02b0                  _U4MODEbits = 0x2b0
                    0x02b2                  U4STA = 0x2b2
                    0x02b2                  _U4STA = 0x2b2
                    0x02b2                  _U4STAbits = 0x2b2
                    0x02b4                  U4TXREG = 0x2b4
                    0x02b4                  _U4TXREG = 0x2b4
                    0x02b6                  U4RXREG = 0x2b6
                    0x02b6                  _U4RXREG = 0x2b6
                    0x02b8                  U4BRG = 0x2b8
                    0x02b8                  _U4BRG = 0x2b8
                    0x02c0                  SPI4STAT = 0x2c0
                    0x02c0                  _SPI4STAT = 0x2c0
                    0x02c0                  _SPI4STATbits = 0x2c0
                    0x02c2                  SPI4CON1 = 0x2c2
                    0x02c2                  _SPI4CON1 = 0x2c2
                    0x02c2                  _SPI4CON1bits = 0x2c2
                    0x02c4                  SPI4CON2 = 0x2c4
                    0x02c4                  _SPI4CON2 = 0x2c4
                    0x02c4                  _SPI4CON2bits = 0x2c4
                    0x02c8                  SPI4BUF = 0x2c8
                    0x02c8                  _SPI4BUF = 0x2c8
                    0x0300                  ADC1BUF0 = 0x300
                    0x0300                  _ADC1BUF0 = 0x300
                    0x0302                  ADC1BUF1 = 0x302
                    0x0302                  _ADC1BUF1 = 0x302
                    0x0304                  ADC1BUF2 = 0x304
                    0x0304                  _ADC1BUF2 = 0x304
                    0x0306                  ADC1BUF3 = 0x306
                    0x0306                  _ADC1BUF3 = 0x306
                    0x0308                  ADC1BUF4 = 0x308
                    0x0308                  _ADC1BUF4 = 0x308
                    0x030a                  ADC1BUF5 = 0x30a
                    0x030a                  _ADC1BUF5 = 0x30a
                    0x030c                  ADC1BUF6 = 0x30c
                    0x030c                  _ADC1BUF6 = 0x30c
                    0x030e                  ADC1BUF7 = 0x30e
                    0x030e                  _ADC1BUF7 = 0x30e
                    0x0310                  ADC1BUF8 = 0x310
                    0x0310                  _ADC1BUF8 = 0x310
                    0x0312                  ADC1BUF9 = 0x312
                    0x0312                  _ADC1BUF9 = 0x312
                    0x0314                  ADC1BUFA = 0x314
                    0x0314                  _ADC1BUFA = 0x314
                    0x0316                  ADC1BUFB = 0x316
                    0x0316                  _ADC1BUFB = 0x316
                    0x0318                  ADC1BUFC = 0x318
                    0x0318                  _ADC1BUFC = 0x318
                    0x031a                  ADC1BUFD = 0x31a
                    0x031a                  _ADC1BUFD = 0x31a
                    0x031c                  ADC1BUFE = 0x31c
                    0x031c                  _ADC1BUFE = 0x31c
                    0x031e                  ADC1BUFF = 0x31e
                    0x031e                  _ADC1BUFF = 0x31e
                    0x0320                  AD1CON1 = 0x320
                    0x0320                  _AD1CON1 = 0x320
                    0x0320                  _AD1CON1bits = 0x320
                    0x0322                  AD1CON2 = 0x322
                    0x0322                  _AD1CON2 = 0x322
                    0x0322                  _AD1CON2bits = 0x322
                    0x0324                  AD1CON3 = 0x324
                    0x0324                  _AD1CON3 = 0x324
                    0x0324                  _AD1CON3bits = 0x324
                    0x0326                  AD1CHS123 = 0x326
                    0x0326                  _AD1CHS123 = 0x326
                    0x0326                  _AD1CHS123bits = 0x326
                    0x0328                  AD1CHS0 = 0x328
                    0x0328                  _AD1CHS0 = 0x328
                    0x0328                  _AD1CHS0bits = 0x328
                    0x032e                  AD1CSSH = 0x32e
                    0x032e                  _AD1CSSH = 0x32e
                    0x032e                  _AD1CSSHbits = 0x32e
                    0x0330                  AD1CSSL = 0x330
                    0x0330                  _AD1CSSL = 0x330
                    0x0330                  _AD1CSSLbits = 0x330
                    0x0332                  AD1CON4 = 0x332
                    0x0332                  _AD1CON4 = 0x332
                    0x0332                  _AD1CON4bits = 0x332
                    0x0340                  ADC2BUF0 = 0x340
                    0x0340                  _ADC2BUF0 = 0x340
                    0x0342                  ADC2BUF1 = 0x342
                    0x0342                  _ADC2BUF1 = 0x342
                    0x0344                  ADC2BUF2 = 0x344
                    0x0344                  _ADC2BUF2 = 0x344
                    0x0346                  ADC2BUF3 = 0x346
                    0x0346                  _ADC2BUF3 = 0x346
                    0x0348                  ADC2BUF4 = 0x348
                    0x0348                  _ADC2BUF4 = 0x348
                    0x034a                  ADC2BUF5 = 0x34a
                    0x034a                  _ADC2BUF5 = 0x34a
                    0x034c                  ADC2BUF6 = 0x34c
                    0x034c                  _ADC2BUF6 = 0x34c
                    0x034e                  ADC2BUF7 = 0x34e
                    0x034e                  _ADC2BUF7 = 0x34e
                    0x0350                  ADC2BUF8 = 0x350
                    0x0350                  _ADC2BUF8 = 0x350
                    0x0352                  ADC2BUF9 = 0x352
                    0x0352                  _ADC2BUF9 = 0x352
                    0x0354                  ADC2BUFA = 0x354
                    0x0354                  _ADC2BUFA = 0x354
                    0x0356                  ADC2BUFB = 0x356
                    0x0356                  _ADC2BUFB = 0x356
                    0x0358                  ADC2BUFC = 0x358
                    0x0358                  _ADC2BUFC = 0x358
                    0x035a                  ADC2BUFD = 0x35a
                    0x035a                  _ADC2BUFD = 0x35a
                    0x035c                  ADC2BUFE = 0x35c
                    0x035c                  _ADC2BUFE = 0x35c
                    0x035e                  ADC2BUFF = 0x35e
                    0x035e                  _ADC2BUFF = 0x35e
                    0x0360                  AD2CON1 = 0x360
                    0x0360                  _AD2CON1 = 0x360
                    0x0360                  _AD2CON1bits = 0x360
                    0x0362                  AD2CON2 = 0x362
                    0x0362                  _AD2CON2 = 0x362
                    0x0362                  _AD2CON2bits = 0x362
                    0x0364                  AD2CON3 = 0x364
                    0x0364                  _AD2CON3 = 0x364
                    0x0364                  _AD2CON3bits = 0x364
                    0x0366                  AD2CHS123 = 0x366
                    0x0366                  _AD2CHS123 = 0x366
                    0x0366                  _AD2CHS123bits = 0x366
                    0x0368                  AD2CHS0 = 0x368
                    0x0368                  _AD2CHS0 = 0x368
                    0x0368                  _AD2CHS0bits = 0x368
                    0x0370                  AD2CSSL = 0x370
                    0x0370                  _AD2CSSL = 0x370
                    0x0370                  _AD2CSSLbits = 0x370
                    0x0372                  AD2CON4 = 0x372
                    0x0372                  _AD2CON4 = 0x372
                    0x0372                  _AD2CON4bits = 0x372
                    0x0400                  C1CTRL1 = 0x400
                    0x0400                  _C1CTRL1 = 0x400
                    0x0400                  _C1CTRL1bits = 0x400
                    0x0402                  C1CTRL2 = 0x402
                    0x0402                  _C1CTRL2 = 0x402
                    0x0402                  _C1CTRL2bits = 0x402
                    0x0404                  C1VEC = 0x404
                    0x0404                  _C1VEC = 0x404
                    0x0404                  _C1VECbits = 0x404
                    0x0406                  C1FCTRL = 0x406
                    0x0406                  _C1FCTRL = 0x406
                    0x0406                  _C1FCTRLbits = 0x406
                    0x0408                  C1FIFO = 0x408
                    0x0408                  _C1FIFO = 0x408
                    0x0408                  _C1FIFObits = 0x408
                    0x040a                  C1INTF = 0x40a
                    0x040a                  _C1INTF = 0x40a
                    0x040a                  _C1INTFbits = 0x40a
                    0x040c                  C1INTE = 0x40c
                    0x040c                  _C1INTE = 0x40c
                    0x040c                  _C1INTEbits = 0x40c
                    0x040e                  C1EC = 0x40e
                    0x040e                  _C1EC = 0x40e
                    0x040e                  _C1ECbits = 0x40e
                    0x040e                  C1RERRCNT = 0x40e
                    0x040e                  _C1RERRCNT = 0x40e
                    0x040f                  C1TERRCNT = 0x40f
                    0x040f                  _C1TERRCNT = 0x40f
                    0x0410                  C1CFG1 = 0x410
                    0x0410                  _C1CFG1 = 0x410
                    0x0410                  _C1CFG1bits = 0x410
                    0x0412                  C1CFG2 = 0x412
                    0x0412                  _C1CFG2 = 0x412
                    0x0412                  _C1CFG2bits = 0x412
                    0x0414                  C1FEN1 = 0x414
                    0x0414                  _C1FEN1 = 0x414
                    0x0414                  _C1FEN1bits = 0x414
                    0x0418                  C1FMSKSEL1 = 0x418
                    0x0418                  _C1FMSKSEL1 = 0x418
                    0x0418                  _C1FMSKSEL1bits = 0x418
                    0x041a                  C1FMSKSEL2 = 0x41a
                    0x041a                  _C1FMSKSEL2 = 0x41a
                    0x041a                  _C1FMSKSEL2bits = 0x41a
                    0x0420                  C1BUFPNT1 = 0x420
                    0x0420                  _C1BUFPNT1 = 0x420
                    0x0420                  _C1BUFPNT1bits = 0x420
                    0x0420                  C1RXFUL1 = 0x420
                    0x0420                  _C1RXFUL1 = 0x420
                    0x0420                  _C1RXFUL1bits = 0x420
                    0x0422                  C1BUFPNT2 = 0x422
                    0x0422                  _C1BUFPNT2 = 0x422
                    0x0422                  _C1BUFPNT2bits = 0x422
                    0x0422                  C1RXFUL2 = 0x422
                    0x0422                  _C1RXFUL2 = 0x422
                    0x0422                  _C1RXFUL2bits = 0x422
                    0x0424                  C1BUFPNT3 = 0x424
                    0x0424                  _C1BUFPNT3 = 0x424
                    0x0424                  _C1BUFPNT3bits = 0x424
                    0x0426                  C1BUFPNT4 = 0x426
                    0x0426                  _C1BUFPNT4 = 0x426
                    0x0426                  _C1BUFPNT4bits = 0x426
                    0x0428                  C1RXOVF1 = 0x428
                    0x0428                  _C1RXOVF1 = 0x428
                    0x0428                  _C1RXOVF1bits = 0x428
                    0x042a                  C1RXOVF2 = 0x42a
                    0x042a                  _C1RXOVF2 = 0x42a
                    0x042a                  _C1RXOVF2bits = 0x42a
                    0x0430                  C1RXM0SID = 0x430
                    0x0430                  _C1RXM0SID = 0x430
                    0x0430                  _C1RXM0SIDbits = 0x430
                    0x0430                  C1TR01CON = 0x430
                    0x0430                  _C1TR01CON = 0x430
                    0x0430                  _C1TR01CONbits = 0x430
                    0x0432                  C1RXM0EID = 0x432
                    0x0432                  _C1RXM0EID = 0x432
                    0x0432                  _C1RXM0EIDbits = 0x432
                    0x0432                  C1TR23CON = 0x432
                    0x0432                  _C1TR23CON = 0x432
                    0x0432                  _C1TR23CONbits = 0x432
                    0x0434                  C1RXM1SID = 0x434
                    0x0434                  _C1RXM1SID = 0x434
                    0x0434                  _C1RXM1SIDbits = 0x434
                    0x0434                  C1TR45CON = 0x434
                    0x0434                  _C1TR45CON = 0x434
                    0x0434                  _C1TR45CONbits = 0x434
                    0x0436                  C1RXM1EID = 0x436
                    0x0436                  _C1RXM1EID = 0x436
                    0x0436                  _C1RXM1EIDbits = 0x436
                    0x0436                  C1TR67CON = 0x436
                    0x0436                  _C1TR67CON = 0x436
                    0x0436                  _C1TR67CONbits = 0x436
                    0x0438                  C1RXM2SID = 0x438
                    0x0438                  _C1RXM2SID = 0x438
                    0x0438                  _C1RXM2SIDbits = 0x438
                    0x043a                  C1RXM2EID = 0x43a
                    0x043a                  _C1RXM2EID = 0x43a
                    0x043a                  _C1RXM2EIDbits = 0x43a
                    0x0440                  C1RXD = 0x440
                    0x0440                  _C1RXD = 0x440
                    0x0440                  C1RXF0SID = 0x440
                    0x0440                  _C1RXF0SID = 0x440
                    0x0440                  _C1RXF0SIDbits = 0x440
                    0x0442                  C1RXF0EID = 0x442
                    0x0442                  _C1RXF0EID = 0x442
                    0x0442                  _C1RXF0EIDbits = 0x442
                    0x0442                  C1TXD = 0x442
                    0x0442                  _C1TXD = 0x442
                    0x0444                  C1RXF1SID = 0x444
                    0x0444                  _C1RXF1SID = 0x444
                    0x0444                  _C1RXF1SIDbits = 0x444
                    0x0446                  C1RXF1EID = 0x446
                    0x0446                  _C1RXF1EID = 0x446
                    0x0446                  _C1RXF1EIDbits = 0x446
                    0x0448                  C1RXF2SID = 0x448
                    0x0448                  _C1RXF2SID = 0x448
                    0x0448                  _C1RXF2SIDbits = 0x448
                    0x044a                  C1RXF2EID = 0x44a
                    0x044a                  _C1RXF2EID = 0x44a
                    0x044a                  _C1RXF2EIDbits = 0x44a
                    0x044c                  C1RXF3SID = 0x44c
                    0x044c                  _C1RXF3SID = 0x44c
                    0x044c                  _C1RXF3SIDbits = 0x44c
                    0x044e                  C1RXF3EID = 0x44e
                    0x044e                  _C1RXF3EID = 0x44e
                    0x044e                  _C1RXF3EIDbits = 0x44e
                    0x0450                  C1RXF4SID = 0x450
                    0x0450                  _C1RXF4SID = 0x450
                    0x0450                  _C1RXF4SIDbits = 0x450
                    0x0452                  C1RXF4EID = 0x452
                    0x0452                  _C1RXF4EID = 0x452
                    0x0452                  _C1RXF4EIDbits = 0x452
                    0x0454                  C1RXF5SID = 0x454
                    0x0454                  _C1RXF5SID = 0x454
                    0x0454                  _C1RXF5SIDbits = 0x454
                    0x0456                  C1RXF5EID = 0x456
                    0x0456                  _C1RXF5EID = 0x456
                    0x0456                  _C1RXF5EIDbits = 0x456
                    0x0458                  C1RXF6SID = 0x458
                    0x0458                  _C1RXF6SID = 0x458
                    0x0458                  _C1RXF6SIDbits = 0x458
                    0x045a                  C1RXF6EID = 0x45a
                    0x045a                  _C1RXF6EID = 0x45a
                    0x045a                  _C1RXF6EIDbits = 0x45a
                    0x045c                  C1RXF7SID = 0x45c
                    0x045c                  _C1RXF7SID = 0x45c
                    0x045c                  _C1RXF7SIDbits = 0x45c
                    0x045e                  C1RXF7EID = 0x45e
                    0x045e                  _C1RXF7EID = 0x45e
                    0x045e                  _C1RXF7EIDbits = 0x45e
                    0x0460                  C1RXF8SID = 0x460
                    0x0460                  _C1RXF8SID = 0x460
                    0x0460                  _C1RXF8SIDbits = 0x460
                    0x0462                  C1RXF8EID = 0x462
                    0x0462                  _C1RXF8EID = 0x462
                    0x0462                  _C1RXF8EIDbits = 0x462
                    0x0464                  C1RXF9SID = 0x464
                    0x0464                  _C1RXF9SID = 0x464
                    0x0464                  _C1RXF9SIDbits = 0x464
                    0x0466                  C1RXF9EID = 0x466
                    0x0466                  _C1RXF9EID = 0x466
                    0x0466                  _C1RXF9EIDbits = 0x466
                    0x0468                  C1RXF10SID = 0x468
                    0x0468                  _C1RXF10SID = 0x468
                    0x0468                  _C1RXF10SIDbits = 0x468
                    0x046a                  C1RXF10EID = 0x46a
                    0x046a                  _C1RXF10EID = 0x46a
                    0x046a                  _C1RXF10EIDbits = 0x46a
                    0x046c                  C1RXF11SID = 0x46c
                    0x046c                  _C1RXF11SID = 0x46c
                    0x046c                  _C1RXF11SIDbits = 0x46c
                    0x046e                  C1RXF11EID = 0x46e
                    0x046e                  _C1RXF11EID = 0x46e
                    0x046e                  _C1RXF11EIDbits = 0x46e
                    0x0470                  C1RXF12SID = 0x470
                    0x0470                  _C1RXF12SID = 0x470
                    0x0470                  _C1RXF12SIDbits = 0x470
                    0x0472                  C1RXF12EID = 0x472
                    0x0472                  _C1RXF12EID = 0x472
                    0x0472                  _C1RXF12EIDbits = 0x472
                    0x0474                  C1RXF13SID = 0x474
                    0x0474                  _C1RXF13SID = 0x474
                    0x0474                  _C1RXF13SIDbits = 0x474
                    0x0476                  C1RXF13EID = 0x476
                    0x0476                  _C1RXF13EID = 0x476
                    0x0476                  _C1RXF13EIDbits = 0x476
                    0x0478                  C1RXF14SID = 0x478
                    0x0478                  _C1RXF14SID = 0x478
                    0x0478                  _C1RXF14SIDbits = 0x478
                    0x047a                  C1RXF14EID = 0x47a
                    0x047a                  _C1RXF14EID = 0x47a
                    0x047a                  _C1RXF14EIDbits = 0x47a
                    0x047c                  C1RXF15SID = 0x47c
                    0x047c                  _C1RXF15SID = 0x47c
                    0x047c                  _C1RXF15SIDbits = 0x47c
                    0x047e                  C1RXF15EID = 0x47e
                    0x047e                  _C1RXF15EID = 0x47e
                    0x047e                  _C1RXF15EIDbits = 0x47e
                    0x0500                  C2CTRL1 = 0x500
                    0x0500                  _C2CTRL1 = 0x500
                    0x0500                  _C2CTRL1bits = 0x500
                    0x0502                  C2CTRL2 = 0x502
                    0x0502                  _C2CTRL2 = 0x502
                    0x0502                  _C2CTRL2bits = 0x502
                    0x0504                  C2VEC = 0x504
                    0x0504                  _C2VEC = 0x504
                    0x0504                  _C2VECbits = 0x504
                    0x0506                  C2FCTRL = 0x506
                    0x0506                  _C2FCTRL = 0x506
                    0x0506                  _C2FCTRLbits = 0x506
                    0x0508                  C2FIFO = 0x508
                    0x0508                  _C2FIFO = 0x508
                    0x0508                  _C2FIFObits = 0x508
                    0x050a                  C2INTF = 0x50a
                    0x050a                  _C2INTF = 0x50a
                    0x050a                  _C2INTFbits = 0x50a
                    0x050c                  C2INTE = 0x50c
                    0x050c                  _C2INTE = 0x50c
                    0x050c                  _C2INTEbits = 0x50c
                    0x050e                  C2EC = 0x50e
                    0x050e                  _C2EC = 0x50e
                    0x050e                  _C2ECbits = 0x50e
                    0x050e                  C2RERRCNT = 0x50e
                    0x050e                  _C2RERRCNT = 0x50e
                    0x050f                  C2TERRCNT = 0x50f
                    0x050f                  _C2TERRCNT = 0x50f
                    0x0510                  C2CFG1 = 0x510
                    0x0510                  _C2CFG1 = 0x510
                    0x0510                  _C2CFG1bits = 0x510
                    0x0512                  C2CFG2 = 0x512
                    0x0512                  _C2CFG2 = 0x512
                    0x0512                  _C2CFG2bits = 0x512
                    0x0514                  C2FEN1 = 0x514
                    0x0514                  _C2FEN1 = 0x514
                    0x0514                  _C2FEN1bits = 0x514
                    0x0518                  C2FMSKSEL1 = 0x518
                    0x0518                  _C2FMSKSEL1 = 0x518
                    0x0518                  _C2FMSKSEL1bits = 0x518
                    0x051a                  C2FMSKSEL2 = 0x51a
                    0x051a                  _C2FMSKSEL2 = 0x51a
                    0x051a                  _C2FMSKSEL2bits = 0x51a
                    0x0520                  C2BUFPNT1 = 0x520
                    0x0520                  _C2BUFPNT1 = 0x520
                    0x0520                  _C2BUFPNT1bits = 0x520
                    0x0520                  C2RXFUL1 = 0x520
                    0x0520                  _C2RXFUL1 = 0x520
                    0x0520                  _C2RXFUL1bits = 0x520
                    0x0522                  C2BUFPNT2 = 0x522
                    0x0522                  _C2BUFPNT2 = 0x522
                    0x0522                  _C2BUFPNT2bits = 0x522
                    0x0522                  C2RXFUL2 = 0x522
                    0x0522                  _C2RXFUL2 = 0x522
                    0x0522                  _C2RXFUL2bits = 0x522
                    0x0524                  C2BUFPNT3 = 0x524
                    0x0524                  _C2BUFPNT3 = 0x524
                    0x0524                  _C2BUFPNT3bits = 0x524
                    0x0526                  C2BUFPNT4 = 0x526
                    0x0526                  _C2BUFPNT4 = 0x526
                    0x0526                  _C2BUFPNT4bits = 0x526
                    0x0528                  C2RXOVF1 = 0x528
                    0x0528                  _C2RXOVF1 = 0x528
                    0x0528                  _C2RXOVF1bits = 0x528
                    0x052a                  C2RXOVF2 = 0x52a
                    0x052a                  _C2RXOVF2 = 0x52a
                    0x052a                  _C2RXOVF2bits = 0x52a
                    0x0530                  C2RXM0SID = 0x530
                    0x0530                  _C2RXM0SID = 0x530
                    0x0530                  _C2RXM0SIDbits = 0x530
                    0x0530                  C2TR01CON = 0x530
                    0x0530                  _C2TR01CON = 0x530
                    0x0530                  _C2TR01CONbits = 0x530
                    0x0532                  C2RXM0EID = 0x532
                    0x0532                  _C2RXM0EID = 0x532
                    0x0532                  _C2RXM0EIDbits = 0x532
                    0x0532                  C2TR23CON = 0x532
                    0x0532                  _C2TR23CON = 0x532
                    0x0532                  _C2TR23CONbits = 0x532
                    0x0534                  C2RXM1SID = 0x534
                    0x0534                  _C2RXM1SID = 0x534
                    0x0534                  _C2RXM1SIDbits = 0x534
                    0x0534                  C2TR45CON = 0x534
                    0x0534                  _C2TR45CON = 0x534
                    0x0534                  _C2TR45CONbits = 0x534
                    0x0536                  C2RXM1EID = 0x536
                    0x0536                  _C2RXM1EID = 0x536
                    0x0536                  _C2RXM1EIDbits = 0x536
                    0x0536                  C2TR67CON = 0x536
                    0x0536                  _C2TR67CON = 0x536
                    0x0536                  _C2TR67CONbits = 0x536
                    0x0538                  C2RXM2SID = 0x538
                    0x0538                  _C2RXM2SID = 0x538
                    0x0538                  _C2RXM2SIDbits = 0x538
                    0x053a                  C2RXM2EID = 0x53a
                    0x053a                  _C2RXM2EID = 0x53a
                    0x053a                  _C2RXM2EIDbits = 0x53a
                    0x0540                  C2RXD = 0x540
                    0x0540                  _C2RXD = 0x540
                    0x0540                  C2RXF0SID = 0x540
                    0x0540                  _C2RXF0SID = 0x540
                    0x0540                  _C2RXF0SIDbits = 0x540
                    0x0542                  C2RXF0EID = 0x542
                    0x0542                  _C2RXF0EID = 0x542
                    0x0542                  _C2RXF0EIDbits = 0x542
                    0x0542                  C2TXD = 0x542
                    0x0542                  _C2TXD = 0x542
                    0x0544                  C2RXF1SID = 0x544
                    0x0544                  _C2RXF1SID = 0x544
                    0x0544                  _C2RXF1SIDbits = 0x544
                    0x0546                  C2RXF1EID = 0x546
                    0x0546                  _C2RXF1EID = 0x546
                    0x0546                  _C2RXF1EIDbits = 0x546
                    0x0548                  C2RXF2SID = 0x548
                    0x0548                  _C2RXF2SID = 0x548
                    0x0548                  _C2RXF2SIDbits = 0x548
                    0x054a                  C2RXF2EID = 0x54a
                    0x054a                  _C2RXF2EID = 0x54a
                    0x054a                  _C2RXF2EIDbits = 0x54a
                    0x054c                  C2RXF3SID = 0x54c
                    0x054c                  _C2RXF3SID = 0x54c
                    0x054c                  _C2RXF3SIDbits = 0x54c
                    0x054e                  C2RXF3EID = 0x54e
                    0x054e                  _C2RXF3EID = 0x54e
                    0x054e                  _C2RXF3EIDbits = 0x54e
                    0x0550                  C2RXF4SID = 0x550
                    0x0550                  _C2RXF4SID = 0x550
                    0x0550                  _C2RXF4SIDbits = 0x550
                    0x0552                  C2RXF4EID = 0x552
                    0x0552                  _C2RXF4EID = 0x552
                    0x0552                  _C2RXF4EIDbits = 0x552
                    0x0554                  C2RXF5SID = 0x554
                    0x0554                  _C2RXF5SID = 0x554
                    0x0554                  _C2RXF5SIDbits = 0x554
                    0x0556                  C2RXF5EID = 0x556
                    0x0556                  _C2RXF5EID = 0x556
                    0x0556                  _C2RXF5EIDbits = 0x556
                    0x0558                  C2RXF6SID = 0x558
                    0x0558                  _C2RXF6SID = 0x558
                    0x0558                  _C2RXF6SIDbits = 0x558
                    0x055a                  C2RXF6EID = 0x55a
                    0x055a                  _C2RXF6EID = 0x55a
                    0x055a                  _C2RXF6EIDbits = 0x55a
                    0x055c                  C2RXF7SID = 0x55c
                    0x055c                  _C2RXF7SID = 0x55c
                    0x055c                  _C2RXF7SIDbits = 0x55c
                    0x055e                  C2RXF7EID = 0x55e
                    0x055e                  _C2RXF7EID = 0x55e
                    0x055e                  _C2RXF7EIDbits = 0x55e
                    0x0560                  C2RXF8SID = 0x560
                    0x0560                  _C2RXF8SID = 0x560
                    0x0560                  _C2RXF8SIDbits = 0x560
                    0x0562                  C2RXF8EID = 0x562
                    0x0562                  _C2RXF8EID = 0x562
                    0x0562                  _C2RXF8EIDbits = 0x562
                    0x0564                  C2RXF9SID = 0x564
                    0x0564                  _C2RXF9SID = 0x564
                    0x0564                  _C2RXF9SIDbits = 0x564
                    0x0566                  C2RXF9EID = 0x566
                    0x0566                  _C2RXF9EID = 0x566
                    0x0566                  _C2RXF9EIDbits = 0x566
                    0x0568                  C2RXF10SID = 0x568
                    0x0568                  _C2RXF10SID = 0x568
                    0x0568                  _C2RXF10SIDbits = 0x568
                    0x056a                  C2RXF10EID = 0x56a
                    0x056a                  _C2RXF10EID = 0x56a
                    0x056a                  _C2RXF10EIDbits = 0x56a
                    0x056c                  C2RXF11SID = 0x56c
                    0x056c                  _C2RXF11SID = 0x56c
                    0x056c                  _C2RXF11SIDbits = 0x56c
                    0x056e                  C2RXF11EID = 0x56e
                    0x056e                  _C2RXF11EID = 0x56e
                    0x056e                  _C2RXF11EIDbits = 0x56e
                    0x0570                  C2RXF12SID = 0x570
                    0x0570                  _C2RXF12SID = 0x570
                    0x0570                  _C2RXF12SIDbits = 0x570
                    0x0572                  C2RXF12EID = 0x572
                    0x0572                  _C2RXF12EID = 0x572
                    0x0572                  _C2RXF12EIDbits = 0x572
                    0x0574                  C2RXF13SID = 0x574
                    0x0574                  _C2RXF13SID = 0x574
                    0x0574                  _C2RXF13SIDbits = 0x574
                    0x0576                  C2RXF13EID = 0x576
                    0x0576                  _C2RXF13EID = 0x576
                    0x0576                  _C2RXF13EIDbits = 0x576
                    0x0578                  C2RXF14SID = 0x578
                    0x0578                  _C2RXF14SID = 0x578
                    0x0578                  _C2RXF14SIDbits = 0x578
                    0x057a                  C2RXF14EID = 0x57a
                    0x057a                  _C2RXF14EID = 0x57a
                    0x057a                  _C2RXF14EIDbits = 0x57a
                    0x057c                  C2RXF15SID = 0x57c
                    0x057c                  _C2RXF15SID = 0x57c